// Jest Snapshot v1, https://goo.gl/fbAQLP

exports[`<WalletTabSendDetails /> should render properly and match the snapshot 1`] = `
<RCTSafeAreaView
  accessibilityComponentType={undefined}
  accessibilityLabel={undefined}
  accessibilityTraits={undefined}
  accessible={true}
  fifth={true}
  hitSlop={
    Object {
      "bottom": 20,
      "left": 20,
      "right": 20,
      "top": 20,
    }
  }
  nativeID={undefined}
  onLayout={undefined}
  onResponderGrant={[Function]}
  onResponderMove={[Function]}
  onResponderRelease={[Function]}
  onResponderTerminate={[Function]}
  onResponderTerminationRequest={[Function]}
  onStartShouldSetResponder={[Function]}
  safeArea={true}
  style={
    Object {
      "backgroundColor": "#ffffff",
      "flex": 1,
    }
  }
  testID="wallet-tab-send-details-touchable"
>
  <View
    style={
      Object {
        "borderBottomColor": "#EAEAEA",
        "borderBottomWidth": 1,
      }
    }
  >
    <View
      center={true}
      fifth={true}
      horizontalSpace={true}
      row={true}
      style={
        Object {
          "alignItems": "center",
          "backgroundColor": "#ffffff",
          "flexDirection": "row",
          "justifyContent": "center",
          "paddingHorizontal": 15,
        }
      }
    >
      <View
        fifth={true}
        style={
          Object {
            "alignItems": "flex-end",
            "backgroundColor": "#ffffff",
            "paddingVertical": 25,
            "width": 35,
          }
        }
      >
        <Text
          accessible={true}
          allowFontScaling={true}
          ellipsizeMode="tail"
          style={
            Array [
              Object {
                "fontSize": 17,
              },
              Object {
                "fontFamily": "SF Pro Display",
              },
              Object {
                "backgroundColor": "#ffffff",
                "color": "#333333",
              },
              Object {
                "fontWeight": "600",
              },
              null,
              Object {
                "backgroundColor": "transparent",
              },
              Object {
                "color": "rgba(237, 156, 46, 1)",
              },
              null,
              null,
              null,
              null,
              Object {
                "lineHeight": 20,
              },
            ]
          }
        >
          To:
        </Text>
      </View>
      <View
        fifth={true}
        horizontalSpace={true}
        style={
          Object {
            "alignItems": "flex-start",
            "backgroundColor": "#ffffff",
            "paddingHorizontal": 15,
            "width": "83%",
          }
        }
      >
        <TextInput
          maxLength={undefined}
          multiline={false}
          onChangeText={[Function]}
          placeholder="Enter Payee wallet address"
          style={
            Array [
              Object {
                "fontSize": 17,
                "fontStyle": "italic",
                "lineHeight": 20,
                "width": "100%",
              },
            ]
          }
          testID="To-token-send-details-label"
          underlineColorAndroid="transparent"
        />
      </View>
      <View
        style={Object {}}
      />
    </View>
  </View>
  <View
    style={
      Object {
        "borderBottomColor": "#EAEAEA",
        "borderBottomWidth": 1,
      }
    }
  >
    <View
      center={true}
      fifth={true}
      horizontalSpace={true}
      row={true}
      style={
        Object {
          "alignItems": "center",
          "backgroundColor": "#ffffff",
          "flexDirection": "row",
          "justifyContent": "center",
          "paddingHorizontal": 15,
        }
      }
    >
      <View
        fifth={true}
        style={
          Object {
            "alignItems": "flex-end",
            "backgroundColor": "#ffffff",
            "paddingVertical": 25,
            "width": 35,
          }
        }
      >
        <Text
          accessible={true}
          allowFontScaling={true}
          ellipsizeMode="tail"
          style={
            Array [
              Object {
                "fontSize": 17,
              },
              Object {
                "fontFamily": "SF Pro Display",
              },
              Object {
                "backgroundColor": "#ffffff",
                "color": "#333333",
              },
              Object {
                "fontWeight": "600",
              },
              null,
              Object {
                "backgroundColor": "transparent",
              },
              Object {
                "color": "rgba(237, 156, 46, 1)",
              },
              null,
              null,
              null,
              null,
              Object {
                "lineHeight": 20,
              },
            ]
          }
        >
          For:
        </Text>
      </View>
      <View
        fifth={true}
        horizontalSpace={true}
        style={
          Object {
            "alignItems": "flex-start",
            "backgroundColor": "#ffffff",
            "paddingHorizontal": 15,
            "width": "83%",
          }
        }
      >
        <TextInput
          maxLength={80}
          multiline={true}
          onChangeText={[Function]}
          placeholder="credential, gift, etc."
          style={
            Array [
              Object {
                "fontSize": 17,
                "fontStyle": "italic",
                "lineHeight": 20,
                "width": "100%",
              },
            ]
          }
          testID="For-token-send-details-label"
          underlineColorAndroid="transparent"
        />
      </View>
      <View
        style={Object {}}
      />
    </View>
  </View>
  <View
    center={true}
    horizontalSpace={true}
    row={true}
    style={
      Object {
        "alignItems": "center",
        "flexDirection": "row",
        "justifyContent": "center",
        "paddingHorizontal": 15,
        "width": "100%",
      }
    }
  >
    <Text
      accessible={true}
      allowFontScaling={true}
      ellipsizeMode="tail"
      style={
        Array [
          Object {
            "fontSize": 17,
          },
          Object {
            "fontFamily": "SF Pro Text",
          },
          Object {
            "backgroundColor": "#333333",
            "color": "#ffffff",
          },
          null,
          Object {
            "textAlign": "center",
          },
          Object {
            "backgroundColor": "transparent",
          },
          Object {
            "color": "rgba(237, 156, 46, 1)",
          },
          null,
          null,
          null,
          Object {
            "width": "100%",
          },
          Object {
            "fontSize": 75,
            "letterSpacing": -1.87,
            "lineHeight": 89,
            "marginTop": 19,
          },
        ]
      }
    >
      12,345
    </Text>
  </View>
  <View
    center={true}
    style={
      Object {
        "alignItems": "center",
        "justifyContent": "center",
      }
    }
  >
    <Text
      accessible={true}
      allowFontScaling={true}
      ellipsizeMode="tail"
      style={
        Array [
          Object {
            "fontSize": 17,
          },
          Object {
            "fontFamily": "SF Pro Text",
          },
          Object {
            "backgroundColor": "#333333",
            "color": "#ffffff",
          },
          null,
          null,
          Object {
            "backgroundColor": "transparent",
          },
          null,
          null,
          null,
          null,
          null,
          Object {
            "color": "#9B9B9B",
            "fontSize": 18,
          },
        ]
      }
    >
      SOVRIN TOKENS
    </Text>
  </View>
  <View
    center={true}
    style={
      Object {
        "alignItems": "center",
        "justifyContent": "center",
        "marginTop": 36,
      }
    }
  >
    <View
      center={true}
      style={
        Object {
          "alignItems": "center",
          "justifyContent": "center",
          "width": "65%",
        }
      }
    >
      <Text
        accessible={true}
        allowFontScaling={true}
        ellipsizeMode="tail"
        style={
          Array [
            Object {},
            undefined,
            undefined,
            undefined,
            undefined,
            undefined,
            undefined,
            undefined,
            undefined,
            undefined,
            Array [
              Object {
                "color": "#6D6D6D",
                "fontSize": 14,
                "letterSpacing": -0.35,
                "lineHeight": 18,
                "textAlign": "center",
              },
            ],
          ]
        }
      >
        You are sending
         
        <Text
          accessible={true}
          allowFontScaling={true}
          ellipsizeMode="tail"
          style={
            Array [
              Object {},
              undefined,
              undefined,
              undefined,
              undefined,
              undefined,
              undefined,
              undefined,
              undefined,
              undefined,
              Object {
                "color": "rgba(237, 156, 46, 1)",
              },
            ]
          }
        >
          12,345
        </Text>
         
        tokens to this wallet address:
      </Text>
    </View>
  </View>
  <View
    center={true}
    style={
      Object {
        "alignItems": "center",
        "justifyContent": "center",
      }
    }
  >
    <Text
      accessible={true}
      allowFontScaling={true}
      ellipsizeMode="tail"
      style={
        Array [
          Object {
            "fontSize": 17,
          },
          Object {
            "fontFamily": "SF Pro Text",
          },
          Object {
            "backgroundColor": "#333333",
            "color": "#ffffff",
          },
          null,
          Object {
            "textAlign": "center",
          },
          Object {
            "backgroundColor": "transparent",
          },
          Object {
            "color": "rgba(237, 156, 46, 1)",
          },
          null,
          null,
          null,
          null,
          Object {
            "flexWrap": "wrap",
            "fontSize": 14,
            "lineHeight": 16,
            "marginBottom": 15,
            "marginTop": 11,
          },
        ]
      }
    >
      Enter wallet address above
    </Text>
  </View>
</RCTSafeAreaView>
`;
