// Jest Snapshot v1, https://goo.gl/fbAQLP

exports[`<QRScannerScreen /> should match snapshot 1`] = `
<View
  style={
    Object {
      "flex": 1,
    }
  }
>
  <View
    style={
      Object {
        "flex": 1,
      }
    }
  />
  <Image
    source="static-asset-stub"
    style={
      Object {
        "backgroundColor": "transparent",
        "justifyContent": "flex-end",
        "paddingBottom": 10,
        "width": 320,
      }
    }
  >
    <View
      style={
        Array [
          Object {
            "flexDirection": "row",
          },
          Object {
            "alignItems": "center",
            "justifyContent": "center",
          },
        ]
      }
    >
      <View
        style={
          Object {
            "alignItems": "center",
            "flex": 1,
            "flexDirection": "row",
            "justifyContent": "flex-end",
            "paddingHorizontal": 30,
          }
        }
      >
        <View
          accessibilityComponentType={undefined}
          accessibilityLabel={undefined}
          accessibilityTraits={undefined}
          accessible={true}
          clearBg={true}
          hitSlop={undefined}
          iconStyle={
            Array [
              Object {
                "height": 30,
                "width": 30,
              },
              Object {
                "opacity": 0.2,
              },
            ]
          }
          onLayout={undefined}
          onPress={[Function]}
          onResponderGrant={[Function]}
          onResponderMove={[Function]}
          onResponderRelease={[Function]}
          onResponderTerminate={[Function]}
          onResponderTerminationRequest={[Function]}
          onStartShouldSetResponder={[Function]}
          small={true}
          src="static-asset-stub"
          style={
            Object {
              "backgroundColor": "transparent",
            }
          }
          testID="tab-settings-icon-touchable"
        >
          <Image
            resizeMode="contain"
            source="static-asset-stub"
            style={
              Array [
                Object {
                  "height": 20,
                  "width": 20,
                },
                Object {
                  "height": 30,
                  "width": 30,
                },
                Object {
                  "opacity": 0.2,
                },
              ]
            }
            testID="tab-settings-icon"
          />
        </View>
        <View
          style={
            Array [
              Object {
                "flex": 1,
              },
              Object {
                "flexDirection": "row",
              },
              Object {
                "justifyContent": "center",
              },
              Object {
                "paddingBottom": 10,
              },
            ]
          }
        >
          <Image
            source="static-asset-stub"
            style={
              Object {
                "height": 90,
                "marginTop": -20,
                "position": "absolute",
                "resizeMode": "contain",
                "width": 90,
              }
            }
          />
          <Image
            source="static-asset-stub"
            style={
              Object {
                "height": 50,
                "width": 50,
              }
            }
            testID="tab-active-avatar-icon"
          />
        </View>
        <View
          accessibilityComponentType={undefined}
          accessibilityLabel={undefined}
          accessibilityTraits={undefined}
          accessible={true}
          clearBg={true}
          hitSlop={undefined}
          iconStyle={
            Array [
              Object {
                "height": 30,
                "width": 30,
              },
              Object {
                "opacity": 0.2,
              },
            ]
          }
          onLayout={undefined}
          onPress={[Function]}
          onResponderGrant={[Function]}
          onResponderMove={[Function]}
          onResponderRelease={[Function]}
          onResponderTerminate={[Function]}
          onResponderTerminationRequest={[Function]}
          onStartShouldSetResponder={[Function]}
          small={true}
          src="static-asset-stub"
          style={
            Object {
              "backgroundColor": "transparent",
            }
          }
          testID="tab-add-connection-icon-touchable"
        >
          <Image
            resizeMode="contain"
            source="static-asset-stub"
            style={
              Array [
                Object {
                  "height": 20,
                  "width": 20,
                },
                Object {
                  "height": 30,
                  "width": 30,
                },
                Object {
                  "opacity": 0.2,
                },
              ]
            }
            testID="tab-add-connection-icon"
          />
        </View>
      </View>
    </View>
  </Image>
</View>
`;
