// Jest Snapshot v1, https://goo.gl/fbAQLP

exports[`<DashboardScreen /> should render Home and redirect user to claim offer modal 1`] = `
<View
  style={
    Object {
      "backgroundColor": "#f0f0f0",
      "flex": 1,
    }
  }
  tertiary={true}
>
  <View
    absoluteStyles={true}
    accessibilityComponentType={undefined}
    accessibilityLabel={undefined}
    accessibilityTraits={undefined}
    accessible={true}
    clearBg={true}
    doubleVerticalSpace={true}
    hitSlop={
      Object {
        "bottom": 20,
        "left": 20,
        "right": 20,
        "top": 20,
      }
    }
    horizontalSpace={true}
    medium={true}
    nativeID={undefined}
    onLayout={undefined}
    onResponderGrant={[Function]}
    onResponderMove={[Function]}
    onResponderRelease={[Function]}
    onResponderTerminate={[Function]}
    onResponderTerminationRequest={[Function]}
    onStartShouldSetResponder={[Function]}
    right={true}
    src={1}
    style={
      Object {
        "alignItems": "flex-end",
        "backgroundColor": "transparent",
        "paddingHorizontal": 15,
        "paddingVertical": 16,
      }
    }
    testID="home-feedback-id-label-touchable"
  >
    <Image
      resizeMode="contain"
      source={1}
      style={
        Array [
          Object {
            "height": 30,
            "width": 30,
          },
          null,
        ]
      }
      testID="home-feedback-id-label"
    />
  </View>
  <View
    style={
      Object {
        "backgroundColor": "#f0f0f0",
        "flex": 1,
      }
    }
    tertiary={true}
  >
    <View
      collapsable={undefined}
      style={
        Object {
          "height": 486,
          "left": 0,
          "overflow": "hidden",
          "position": "absolute",
          "right": 0,
          "top": 0,
          "transform": Array [
            Object {
              "translateY": 0,
            },
          ],
        }
      }
    >
      <Animatable.View
        animation="zoomIn"
        delay={200}
        duration={600}
        style={
          Array [
            Object {
              "position": "absolute",
            },
            Object {
              "left": 126,
              "top": 313,
            },
          ]
        }
      >
        <View
          imageShadow="imageShadow"
          style={
            Object {
              "borderRadius": 50,
              "shadowColor": "rgba(0, 0, 0, 0.25)",
              "shadowOffset": Object {
                "height": 3,
                "width": 0,
              },
              "shadowOpacity": 1,
              "shadowRadius": 8,
            }
          }
          testID="bubble-3nj819kkjywdppuje79"
        >
          <Image
            accessibilityComponentType={undefined}
            accessibilityLabel={undefined}
            accessibilityTraits={undefined}
            accessible={true}
            hitSlop={undefined}
            nativeID={undefined}
            onError={[Function]}
            onLayout={undefined}
            onLoad={[Function]}
            onResponderGrant={[Function]}
            onResponderMove={[Function]}
            onResponderRelease={[Function]}
            onResponderTerminate={[Function]}
            onResponderTerminationRequest={[Function]}
            onStartShouldSetResponder={[Function]}
            source={
              Object {
                "uri": "https://logourl.com/logo.png",
              }
            }
            style={
              Array [
                Object {
                  "height": 66,
                  "width": 66,
                },
                Object {
                  "borderRadius": 33,
                },
              ]
            }
            testID={undefined}
          />
        </View>
      </Animatable.View>
    </View>
  </View>
  <View
    style={
      Object {
        "alignItems": "center",
        "marginVertical": 30,
      }
    }
    vCenter={true}
  >
    <View
      accessibilityComponentType={undefined}
      accessibilityLabel={undefined}
      accessibilityTraits={undefined}
      accessible={true}
      clearBg={true}
      extraLarge={true}
      hitSlop={
        Object {
          "bottom": 20,
          "left": 20,
          "right": 20,
          "top": 20,
        }
      }
      nativeID={undefined}
      onLayout={undefined}
      onResponderGrant={[Function]}
      onResponderMove={[Function]}
      onResponderRelease={[Function]}
      onResponderTerminate={[Function]}
      onResponderTerminationRequest={[Function]}
      onStartShouldSetResponder={[Function]}
      resizeMode="cover"
      round={true}
      src={
        Object {
          "uri": "/var/application/DocumentDir/user-avatar.jpeg",
        }
      }
      style={
        Object {
          "backgroundColor": "transparent",
        }
      }
      testID="user-avatar-touchable"
    >
      <Image
        resizeMode="cover"
        source={
          Object {
            "uri": "/var/application/DocumentDir/user-avatar.jpeg",
          }
        }
        style={
          Array [
            Object {
              "height": 80,
              "width": 80,
            },
            Object {
              "borderRadius": 40,
            },
          ]
        }
        testID="user-avatar"
      />
    </View>
  </View>
</View>
`;
