// Jest Snapshot v1, https://goo.gl/fbAQLP

exports[`<DashboardScreen /> should render Home and redirect user to claim offer modal 1`] = `
<View
  style={
    Object {
      "backgroundColor": "#ffffff",
      "flex": 1,
    }
  }
  tertiary={true}
>
  <View
    style={
      Object {
        "backgroundColor": "#ffffff",
        "flex": 1,
      }
    }
    tertiary={true}
  >
    <View
      style={Object {}}
    >
      <View>
        <View
          accessibilityComponentType={undefined}
          accessibilityLabel="wallet-backup-banner-label-touchable"
          accessibilityTraits={undefined}
          accessible={false}
          hitSlop={
            Object {
              "bottom": 20,
              "left": 20,
              "right": 20,
              "top": 20,
            }
          }
          horizontalSpace={true}
          nativeID={undefined}
          onLayout={undefined}
          onResponderGrant={[Function]}
          onResponderMove={[Function]}
          onResponderRelease={[Function]}
          onResponderTerminate={[Function]}
          onResponderTerminationRequest={[Function]}
          onStartShouldSetResponder={[Function]}
          row={true}
          style={
            Object {
              "alignItems": "center",
              "backgroundColor": "#d0021b",
              "flexDirection": "row",
              "paddingHorizontal": 15,
              "paddingVertical": 8,
            }
          }
          testID="wallet-backup-banner-label-touchable"
          vCenter={true}
          verticalSpace={true}
        >
          <View
            clearBg={true}
            iconStyle={
              Array [
                Object {
                  "height": 25,
                  "width": 29,
                },
                Object {
                  "tintColor": "white",
                },
              ]
            }
            src={1}
            style={
              Object {
                "backgroundColor": "transparent",
              }
            }
          >
            <View
              style={Object {}}
            >
              <Image
                resizeMode="contain"
                source={1}
                style={
                  Array [
                    Object {
                      "height": 50,
                      "width": 50,
                    },
                    null,
                    Object {
                      "height": 25,
                      "width": 29,
                    },
                    Object {
                      "tintColor": "white",
                    },
                  ]
                }
              />
            </View>
          </View>
          <View
            horizontalSpace={true}
            style={
              Object {
                "paddingHorizontal": 15,
              }
            }
          >
            <Text
              accessible={true}
              allowFontScaling={false}
              ellipsizeMode="tail"
              style={
                Array [
                  Object {
                    "fontSize": 17,
                  },
                  Object {
                    "fontFamily": "Lato",
                  },
                  Object {
                    "backgroundColor": "#333333",
                    "color": "#ffffff",
                  },
                  Object {
                    "fontWeight": "bold",
                  },
                  null,
                  Object {
                    "backgroundColor": "transparent",
                  },
                  null,
                  null,
                  null,
                  null,
                  null,
                  null,
                  null,
                  null,
                ]
              }
            >
              You have new data that is not backed up.
            </Text>
            <Text
              accessible={true}
              allowFontScaling={false}
              ellipsizeMode="tail"
              style={
                Array [
                  Object {
                    "fontSize": 15,
                  },
                  Object {
                    "fontFamily": "Lato",
                  },
                  Object {
                    "backgroundColor": "#333333",
                    "color": "#ffffff",
                  },
                  null,
                  null,
                  Object {
                    "backgroundColor": "transparent",
                  },
                  null,
                  null,
                  null,
                  null,
                  null,
                  null,
                  null,
                  null,
                ]
              }
            >
              Create another backup so you don't lose anything.
            </Text>
          </View>
        </View>
      </View>
    </View>
    <View
      center={true}
      style={
        Object {
          "alignItems": "center",
          "flex": 1,
          "justifyContent": "center",
        }
      }
    >
      <View
        style={
          Object {
            "width": "75%",
          }
        }
      >
        <Text
          accessible={true}
          allowFontScaling={false}
          ellipsizeMode="tail"
          style={
            Array [
              Object {
                "fontSize": 20,
              },
              Object {
                "fontFamily": "Lato",
              },
              Object {
                "backgroundColor": "#333333",
                "color": "#ffffff",
              },
              Object {
                "fontWeight": "600",
              },
              null,
              Object {
                "backgroundColor": "transparent",
              },
              null,
              null,
              null,
              Object {
                "color": "#333333",
              },
              null,
              null,
              null,
              null,
            ]
          }
        >
          You now have a digital wallet! Want to see how it works?
        </Text>
        <Text
          accessible={true}
          allowFontScaling={true}
          ellipsizeMode="tail"
          style={
            Array [
              Object {
                "fontSize": 20,
              },
              Object {
                "paddingBottom": 20,
                "paddingTop": 20,
              },
            ]
          }
        >
          <Text
            accessible={true}
            allowFontScaling={true}
            ellipsizeMode="tail"
            style={
              Object {
                "color": "#EB9B2D",
              }
            }
          >
            On a computer
          </Text>
          <Text
            accessible={true}
            allowFontScaling={true}
            ellipsizeMode="tail"
            style={
              Object {
                "color": "#777777",
              }
            }
          >
            , go to www.evernym.com/faber
          </Text>
        </Text>
        <Text
          accessible={true}
          allowFontScaling={false}
          ellipsizeMode="tail"
          style={
            Array [
              Object {
                "fontSize": 20,
              },
              Object {
                "fontFamily": "Lato",
              },
              Object {
                "backgroundColor": "#333333",
                "color": "#ffffff",
              },
              null,
              null,
              Object {
                "backgroundColor": "transparent",
              },
              null,
              null,
              null,
              null,
              null,
              null,
              null,
              null,
              Object {
                "color": "#777777",
                "paddingBottom": "40%",
              },
            ]
          }
        >
          and use this app to go through the tutorial.
        </Text>
      </View>
    </View>
    <View
      style={
        Object {
          "backgroundColor": "transparent",
          "left": 120,
          "position": "absolute",
          "top": 316,
          "width": 80,
        }
      }
    >
      <View
        accessibilityComponentType={undefined}
        accessibilityLabel="user-avatar-touchable"
        accessibilityTraits={undefined}
        accessible={false}
        clearBg={true}
        extraLarge={true}
        hitSlop={
          Object {
            "bottom": 20,
            "left": 20,
            "right": 20,
            "top": 20,
          }
        }
        nativeID={undefined}
        onLayout={undefined}
        onResponderGrant={[Function]}
        onResponderMove={[Function]}
        onResponderRelease={[Function]}
        onResponderTerminate={[Function]}
        onResponderTerminationRequest={[Function]}
        onStartShouldSetResponder={[Function]}
        resizeMode="cover"
        round={true}
        src={
          Object {
            "uri": "/var/application/DocumentDir/user-avatar.jpeg",
          }
        }
        style={
          Object {
            "backgroundColor": "transparent",
          }
        }
        testID="user-avatar-touchable"
      >
        <View
          style={Object {}}
        >
          <Image
            accessibilityLabel="user-avatar"
            accessible={true}
            resizeMode="cover"
            source={
              Object {
                "uri": "/var/application/DocumentDir/user-avatar.jpeg",
              }
            }
            style={
              Array [
                Object {
                  "height": 80,
                  "width": 80,
                },
                Object {
                  "borderRadius": 40,
                },
              ]
            }
            testID="user-avatar"
          />
        </View>
      </View>
    </View>
  </View>
</View>
`;

exports[`<DashboardScreen /> should render Home and show introductory text 1`] = `
<View
  style={
    Object {
      "backgroundColor": "#ffffff",
      "flex": 1,
    }
  }
  tertiary={true}
>
  <View
    style={
      Object {
        "backgroundColor": "#ffffff",
        "flex": 1,
      }
    }
    tertiary={true}
  >
    <View
      style={Object {}}
    >
      <View>
        <View
          accessibilityComponentType={undefined}
          accessibilityLabel="wallet-backup-banner-label-touchable"
          accessibilityTraits={undefined}
          accessible={false}
          hitSlop={
            Object {
              "bottom": 20,
              "left": 20,
              "right": 20,
              "top": 20,
            }
          }
          horizontalSpace={true}
          nativeID={undefined}
          onLayout={undefined}
          onResponderGrant={[Function]}
          onResponderMove={[Function]}
          onResponderRelease={[Function]}
          onResponderTerminate={[Function]}
          onResponderTerminationRequest={[Function]}
          onStartShouldSetResponder={[Function]}
          row={true}
          style={
            Object {
              "alignItems": "center",
              "backgroundColor": "#d0021b",
              "flexDirection": "row",
              "paddingHorizontal": 15,
              "paddingVertical": 8,
            }
          }
          testID="wallet-backup-banner-label-touchable"
          vCenter={true}
          verticalSpace={true}
        >
          <View
            clearBg={true}
            iconStyle={
              Array [
                Object {
                  "height": 25,
                  "width": 29,
                },
                Object {
                  "tintColor": "white",
                },
              ]
            }
            src={1}
            style={
              Object {
                "backgroundColor": "transparent",
              }
            }
          >
            <View
              style={Object {}}
            >
              <Image
                resizeMode="contain"
                source={1}
                style={
                  Array [
                    Object {
                      "height": 50,
                      "width": 50,
                    },
                    null,
                    Object {
                      "height": 25,
                      "width": 29,
                    },
                    Object {
                      "tintColor": "white",
                    },
                  ]
                }
              />
            </View>
          </View>
          <View
            horizontalSpace={true}
            style={
              Object {
                "paddingHorizontal": 15,
              }
            }
          >
            <Text
              accessible={true}
              allowFontScaling={false}
              ellipsizeMode="tail"
              style={
                Array [
                  Object {
                    "fontSize": 17,
                  },
                  Object {
                    "fontFamily": "Lato",
                  },
                  Object {
                    "backgroundColor": "#333333",
                    "color": "#ffffff",
                  },
                  Object {
                    "fontWeight": "bold",
                  },
                  null,
                  Object {
                    "backgroundColor": "transparent",
                  },
                  null,
                  null,
                  null,
                  null,
                  null,
                  null,
                  null,
                  null,
                ]
              }
            >
              You have new data that is not backed up.
            </Text>
            <Text
              accessible={true}
              allowFontScaling={false}
              ellipsizeMode="tail"
              style={
                Array [
                  Object {
                    "fontSize": 15,
                  },
                  Object {
                    "fontFamily": "Lato",
                  },
                  Object {
                    "backgroundColor": "#333333",
                    "color": "#ffffff",
                  },
                  null,
                  null,
                  Object {
                    "backgroundColor": "transparent",
                  },
                  null,
                  null,
                  null,
                  null,
                  null,
                  null,
                  null,
                  null,
                ]
              }
            >
              Create another backup so you don't lose anything.
            </Text>
          </View>
        </View>
      </View>
    </View>
    <View
      center={true}
      style={
        Object {
          "alignItems": "center",
          "flex": 1,
          "justifyContent": "center",
        }
      }
    >
      <View
        style={
          Object {
            "width": "75%",
          }
        }
      >
        <Text
          accessible={true}
          allowFontScaling={false}
          ellipsizeMode="tail"
          style={
            Array [
              Object {
                "fontSize": 20,
              },
              Object {
                "fontFamily": "Lato",
              },
              Object {
                "backgroundColor": "#333333",
                "color": "#ffffff",
              },
              Object {
                "fontWeight": "600",
              },
              null,
              Object {
                "backgroundColor": "transparent",
              },
              null,
              null,
              null,
              Object {
                "color": "#333333",
              },
              null,
              null,
              null,
              null,
            ]
          }
        >
          You now have a digital wallet! Want to see how it works?
        </Text>
        <Text
          accessible={true}
          allowFontScaling={true}
          ellipsizeMode="tail"
          style={
            Array [
              Object {
                "fontSize": 20,
              },
              Object {
                "paddingBottom": 20,
                "paddingTop": 20,
              },
            ]
          }
        >
          <Text
            accessible={true}
            allowFontScaling={true}
            ellipsizeMode="tail"
            style={
              Object {
                "color": "#EB9B2D",
              }
            }
          >
            On a computer
          </Text>
          <Text
            accessible={true}
            allowFontScaling={true}
            ellipsizeMode="tail"
            style={
              Object {
                "color": "#777777",
              }
            }
          >
            , go to www.evernym.com/faber
          </Text>
        </Text>
        <Text
          accessible={true}
          allowFontScaling={false}
          ellipsizeMode="tail"
          style={
            Array [
              Object {
                "fontSize": 20,
              },
              Object {
                "fontFamily": "Lato",
              },
              Object {
                "backgroundColor": "#333333",
                "color": "#ffffff",
              },
              null,
              null,
              Object {
                "backgroundColor": "transparent",
              },
              null,
              null,
              null,
              null,
              null,
              null,
              null,
              null,
              Object {
                "color": "#777777",
                "paddingBottom": "40%",
              },
            ]
          }
        >
          and use this app to go through the tutorial.
        </Text>
      </View>
    </View>
    <View
      style={
        Object {
          "backgroundColor": "transparent",
          "left": 120,
          "position": "absolute",
          "top": 316,
          "width": 80,
        }
      }
    >
      <View
        accessibilityComponentType={undefined}
        accessibilityLabel="user-avatar-touchable"
        accessibilityTraits={undefined}
        accessible={false}
        clearBg={true}
        extraLarge={true}
        hitSlop={
          Object {
            "bottom": 20,
            "left": 20,
            "right": 20,
            "top": 20,
          }
        }
        nativeID={undefined}
        onLayout={undefined}
        onResponderGrant={[Function]}
        onResponderMove={[Function]}
        onResponderRelease={[Function]}
        onResponderTerminate={[Function]}
        onResponderTerminationRequest={[Function]}
        onStartShouldSetResponder={[Function]}
        resizeMode="cover"
        round={true}
        src={
          Object {
            "uri": "/var/application/DocumentDir/user-avatar.jpeg",
          }
        }
        style={
          Object {
            "backgroundColor": "transparent",
          }
        }
        testID="user-avatar-touchable"
      >
        <View
          style={Object {}}
        >
          <Image
            accessibilityLabel="user-avatar"
            accessible={true}
            resizeMode="cover"
            source={
              Object {
                "uri": "/var/application/DocumentDir/user-avatar.jpeg",
              }
            }
            style={
              Array [
                Object {
                  "height": 80,
                  "width": 80,
                },
                Object {
                  "borderRadius": 40,
                },
              ]
            }
            testID="user-avatar"
          />
        </View>
      </View>
    </View>
  </View>
</View>
`;

exports[`<DashboardScreen /> should render Home and show loader 1`] = `
<View
  style={
    Object {
      "backgroundColor": "#ffffff",
      "flex": 1,
    }
  }
  tertiary={true}
>
  <View
    style={
      Object {
        "backgroundColor": "#ffffff",
        "flex": 1,
      }
    }
    tertiary={true}
  >
    <View
      style={Object {}}
    >
      <View>
        <View
          accessibilityComponentType={undefined}
          accessibilityLabel="wallet-backup-banner-label-touchable"
          accessibilityTraits={undefined}
          accessible={false}
          hitSlop={
            Object {
              "bottom": 20,
              "left": 20,
              "right": 20,
              "top": 20,
            }
          }
          horizontalSpace={true}
          nativeID={undefined}
          onLayout={undefined}
          onResponderGrant={[Function]}
          onResponderMove={[Function]}
          onResponderRelease={[Function]}
          onResponderTerminate={[Function]}
          onResponderTerminationRequest={[Function]}
          onStartShouldSetResponder={[Function]}
          row={true}
          style={
            Object {
              "alignItems": "center",
              "backgroundColor": "#d0021b",
              "flexDirection": "row",
              "paddingHorizontal": 15,
              "paddingVertical": 8,
            }
          }
          testID="wallet-backup-banner-label-touchable"
          vCenter={true}
          verticalSpace={true}
        >
          <View
            clearBg={true}
            iconStyle={
              Array [
                Object {
                  "height": 25,
                  "width": 29,
                },
                Object {
                  "tintColor": "white",
                },
              ]
            }
            src={1}
            style={
              Object {
                "backgroundColor": "transparent",
              }
            }
          >
            <View
              style={Object {}}
            >
              <Image
                resizeMode="contain"
                source={1}
                style={
                  Array [
                    Object {
                      "height": 50,
                      "width": 50,
                    },
                    null,
                    Object {
                      "height": 25,
                      "width": 29,
                    },
                    Object {
                      "tintColor": "white",
                    },
                  ]
                }
              />
            </View>
          </View>
          <View
            horizontalSpace={true}
            style={
              Object {
                "paddingHorizontal": 15,
              }
            }
          >
            <Text
              accessible={true}
              allowFontScaling={false}
              ellipsizeMode="tail"
              style={
                Array [
                  Object {
                    "fontSize": 17,
                  },
                  Object {
                    "fontFamily": "Lato",
                  },
                  Object {
                    "backgroundColor": "#333333",
                    "color": "#ffffff",
                  },
                  Object {
                    "fontWeight": "bold",
                  },
                  null,
                  Object {
                    "backgroundColor": "transparent",
                  },
                  null,
                  null,
                  null,
                  null,
                  null,
                  null,
                  null,
                  null,
                ]
              }
            >
              You have new data that is not backed up.
            </Text>
            <Text
              accessible={true}
              allowFontScaling={false}
              ellipsizeMode="tail"
              style={
                Array [
                  Object {
                    "fontSize": 15,
                  },
                  Object {
                    "fontFamily": "Lato",
                  },
                  Object {
                    "backgroundColor": "#333333",
                    "color": "#ffffff",
                  },
                  null,
                  null,
                  Object {
                    "backgroundColor": "transparent",
                  },
                  null,
                  null,
                  null,
                  null,
                  null,
                  null,
                  null,
                  null,
                ]
              }
            >
              Create another backup so you don't lose anything.
            </Text>
          </View>
        </View>
      </View>
    </View>
    <View
      center={true}
      style={
        Object {
          "alignItems": "center",
          "flex": 1,
          "justifyContent": "center",
        }
      }
    >
      <View
        style={
          Object {
            "width": "75%",
          }
        }
      >
        <Text
          accessible={true}
          allowFontScaling={false}
          ellipsizeMode="tail"
          style={
            Array [
              Object {
                "fontSize": 20,
              },
              Object {
                "fontFamily": "Lato",
              },
              Object {
                "backgroundColor": "#333333",
                "color": "#ffffff",
              },
              Object {
                "fontWeight": "600",
              },
              null,
              Object {
                "backgroundColor": "transparent",
              },
              null,
              null,
              null,
              Object {
                "color": "#333333",
              },
              null,
              null,
              null,
              null,
            ]
          }
        >
          You now have a digital wallet! Want to see how it works?
        </Text>
        <Text
          accessible={true}
          allowFontScaling={true}
          ellipsizeMode="tail"
          style={
            Array [
              Object {
                "fontSize": 20,
              },
              Object {
                "paddingBottom": 20,
                "paddingTop": 20,
              },
            ]
          }
        >
          <Text
            accessible={true}
            allowFontScaling={true}
            ellipsizeMode="tail"
            style={
              Object {
                "color": "#EB9B2D",
              }
            }
          >
            On a computer
          </Text>
          <Text
            accessible={true}
            allowFontScaling={true}
            ellipsizeMode="tail"
            style={
              Object {
                "color": "#777777",
              }
            }
          >
            , go to www.evernym.com/faber
          </Text>
        </Text>
        <Text
          accessible={true}
          allowFontScaling={false}
          ellipsizeMode="tail"
          style={
            Array [
              Object {
                "fontSize": 20,
              },
              Object {
                "fontFamily": "Lato",
              },
              Object {
                "backgroundColor": "#333333",
                "color": "#ffffff",
              },
              null,
              null,
              Object {
                "backgroundColor": "transparent",
              },
              null,
              null,
              null,
              null,
              null,
              null,
              null,
              null,
              Object {
                "color": "#777777",
                "paddingBottom": "40%",
              },
            ]
          }
        >
          and use this app to go through the tutorial.
        </Text>
      </View>
    </View>
    <View
      center={true}
      style={
        Object {
          "alignItems": "center",
          "flex": 1,
          "justifyContent": "center",
        }
      }
    />
    <View
      style={
        Object {
          "backgroundColor": "transparent",
          "left": 120,
          "position": "absolute",
          "top": 316,
          "width": 80,
        }
      }
    >
      <View
        accessibilityComponentType={undefined}
        accessibilityLabel="user-avatar-touchable"
        accessibilityTraits={undefined}
        accessible={false}
        clearBg={true}
        extraLarge={true}
        hitSlop={
          Object {
            "bottom": 20,
            "left": 20,
            "right": 20,
            "top": 20,
          }
        }
        nativeID={undefined}
        onLayout={undefined}
        onResponderGrant={[Function]}
        onResponderMove={[Function]}
        onResponderRelease={[Function]}
        onResponderTerminate={[Function]}
        onResponderTerminationRequest={[Function]}
        onStartShouldSetResponder={[Function]}
        resizeMode="cover"
        round={true}
        src={
          Object {
            "uri": "/var/application/DocumentDir/user-avatar.jpeg",
          }
        }
        style={
          Object {
            "backgroundColor": "transparent",
          }
        }
        testID="user-avatar-touchable"
      >
        <View
          style={Object {}}
        >
          <Image
            accessibilityLabel="user-avatar"
            accessible={true}
            resizeMode="cover"
            source={
              Object {
                "uri": "/var/application/DocumentDir/user-avatar.jpeg",
              }
            }
            style={
              Array [
                Object {
                  "height": 80,
                  "width": 80,
                },
                Object {
                  "borderRadius": 40,
                },
              ]
            }
            testID="user-avatar"
          />
        </View>
      </View>
    </View>
  </View>
</View>
`;
