// Jest Snapshot v1, https://goo.gl/fbAQLP

exports[`Restore screen should render properly and match the snapshot 1`] = `
<RCTSafeAreaView
  accessibilityLabel="restore-container"
  accessible={true}
  fifth={true}
  safeArea={true}
  style={
    Object {
      "backgroundColor": "#ffffff",
      "flex": 1,
    }
  }
  testID="restore-container"
>
  <View
    center={true}
    style={
      Object {
        "alignItems": "center",
        "flex": 1,
        "justifyContent": "center",
      }
    }
  >
    <Image
      source={1}
      style={
        Array [
          Object {
            "marginBottom": "8%",
            "marginTop": "15%",
          },
        ]
      }
    />
    <Text
      accessible={true}
      allowFontScaling={true}
      ellipsizeMode="tail"
      style={
        Array [
          Object {
            "fontSize": 17,
          },
          Object {
            "fontFamily": "SF Pro Display",
          },
          Object {
            "backgroundColor": "#333333",
            "color": "#333333",
          },
          null,
          Object {
            "textAlign": "center",
          },
          Object {
            "backgroundColor": "transparent",
          },
          null,
          null,
          null,
          null,
          null,
        ]
      }
    >
      Identity Wallet
    </Text>
    <Text
      accessible={true}
      allowFontScaling={true}
      ellipsizeMode="tail"
      style={
        Array [
          Object {
            "fontSize": 17,
          },
          Object {
            "fontFamily": "SF Pro Display",
          },
          Object {
            "backgroundColor": "#333333",
            "color": "#333333",
          },
          null,
          null,
          Object {
            "backgroundColor": "transparent",
          },
          null,
          null,
          null,
          null,
          null,
          Object {
            "marginBottom": 15,
            "marginTop": "30%",
          },
        ]
      }
    >
      Thanks for installing connect.me.
    </Text>
    <Text
      accessible={true}
      allowFontScaling={true}
      ellipsizeMode="tail"
      style={
        Array [
          Object {
            "fontSize": 17,
          },
          Object {
            "fontFamily": "SF Pro Display",
          },
          Object {
            "backgroundColor": "#333333",
            "color": "#333333",
          },
          null,
          Object {
            "textAlign": "center",
          },
          Object {
            "backgroundColor": "transparent",
          },
          null,
          null,
          null,
          null,
          null,
          Object {
            "marginBottom": 15,
            "marginLeft": "13%",
            "marginRight": "13%",
          },
        ]
      }
    >
      You can restore from a backup or start with a brand new install.
    </Text>
    <Text
      accessible={true}
      allowFontScaling={true}
      ellipsizeMode="tail"
      style={
        Array [
          Object {
            "fontSize": 17,
          },
          Object {
            "fontFamily": "SF Pro Display",
          },
          Object {
            "backgroundColor": "#333333",
            "color": "#333333",
          },
          null,
          null,
          Object {
            "backgroundColor": "transparent",
          },
          null,
          null,
          null,
          null,
          null,
        ]
      }
    >
      How would you like to proceed?
    </Text>
  </View>
  <View
    accessibilityLabel="restore-buttons-view"
    accessible={true}
    doubleVerticalSpace={true}
    horizontalSpace={true}
    style={
      Object {
        "paddingHorizontal": 15,
        "paddingVertical": 16,
      }
    }
    testID="restore-buttons-view"
  >
    <View
      style={
        Array [
          Object {
            "marginLeft": 15,
            "marginRight": 15,
          },
          undefined,
          Object {
            "marginLeft": 0,
            "marginRight": 0,
          },
          undefined,
        ]
      }
    >
      <View
        accessibilityComponentType={undefined}
        accessibilityLabel="restore-from-backup"
        accessibilityTraits={undefined}
        accessible={true}
        hasTVPreferredFocus={undefined}
        hitSlop={undefined}
        isTVSelectable={true}
        nativeID={undefined}
        onLayout={undefined}
        onResponderGrant={[Function]}
        onResponderMove={[Function]}
        onResponderRelease={[Function]}
        onResponderTerminate={[Function]}
        onResponderTerminationRequest={[Function]}
        onStartShouldSetResponder={[Function]}
        style={
          Array [
            Object {
              "backgroundColor": "transparent",
            },
            Array [
              Object {
                "borderRadius": 5,
                "height": 43,
                "marginTop": 10,
                "width": "100%",
              },
              Object {
                "elevation": 4,
                "shadowColor": "#777777",
                "shadowOffset": Object {
                  "height": 1,
                  "width": 1,
                },
                "shadowOpacity": 0.3,
                "shadowRadius": 5,
              },
            ],
          ]
        }
        testID="restore-from-backup"
        tvParallaxProperties={undefined}
      >
        <View
          pointerEvents="box-only"
          style={
            Array [
              Object {
                "alignItems": "center",
                "backgroundColor": "#9E9E9E",
                "flexDirection": "row",
                "justifyContent": "center",
                "padding": 19,
              },
              undefined,
              undefined,
              undefined,
              undefined,
              undefined,
              Object {
                "backgroundColor": "#ffffff",
              },
              undefined,
              Object {
                "padding": 12,
              },
              undefined,
              undefined,
              undefined,
              Array [
                null,
                Object {
                  "borderRadius": 5,
                  "height": 43,
                  "marginTop": 10,
                  "width": "100%",
                },
                Object {
                  "elevation": 4,
                  "shadowColor": "#777777",
                  "shadowOffset": Object {
                    "height": 1,
                    "width": 1,
                  },
                  "shadowOpacity": 0.3,
                  "shadowRadius": 5,
                },
              ],
              undefined,
              undefined,
            ]
          }
        >
          <Text
            accessible={true}
            allowFontScaling={true}
            ellipsizeMode="tail"
            style={
              Array [
                Object {},
                undefined,
                undefined,
                undefined,
                undefined,
                undefined,
                undefined,
                undefined,
                undefined,
                undefined,
                Array [
                  Object {
                    "color": "white",
                    "fontSize": 16,
                  },
                  Object {
                    "color": "#4A8FE3",
                  },
                  Object {
                    "fontSize": 14,
                  },
                  undefined,
                  undefined,
                  undefined,
                  undefined,
                  undefined,
                ],
              ]
            }
          >
            Restore From A Backup
          </Text>
        </View>
      </View>
    </View>
    <View
      style={
        Array [
          Object {
            "marginLeft": 15,
            "marginRight": 15,
          },
          undefined,
          Object {
            "marginLeft": 0,
            "marginRight": 0,
          },
          undefined,
        ]
      }
    >
      <View
        accessibilityComponentType={undefined}
        accessibilityLabel="start-fresh"
        accessibilityTraits={undefined}
        accessible={true}
        hasTVPreferredFocus={undefined}
        hitSlop={undefined}
        isTVSelectable={true}
        nativeID={undefined}
        onLayout={undefined}
        onResponderGrant={[Function]}
        onResponderMove={[Function]}
        onResponderRelease={[Function]}
        onResponderTerminate={[Function]}
        onResponderTerminationRequest={[Function]}
        onStartShouldSetResponder={[Function]}
        style={
          Array [
            Object {
              "backgroundColor": "transparent",
            },
            Array [
              Object {
                "borderRadius": 5,
                "height": 43,
                "marginTop": 10,
                "width": "100%",
              },
              Object {
                "elevation": 4,
                "shadowColor": "#777777",
                "shadowOffset": Object {
                  "height": 1,
                  "width": 1,
                },
                "shadowOpacity": 0.3,
                "shadowRadius": 5,
              },
            ],
          ]
        }
        testID="start-fresh"
        tvParallaxProperties={undefined}
      >
        <View
          pointerEvents="box-only"
          style={
            Array [
              Object {
                "alignItems": "center",
                "backgroundColor": "#9E9E9E",
                "flexDirection": "row",
                "justifyContent": "center",
                "padding": 19,
              },
              undefined,
              undefined,
              undefined,
              undefined,
              undefined,
              Object {
                "backgroundColor": "#ffffff",
              },
              undefined,
              Object {
                "padding": 12,
              },
              undefined,
              undefined,
              undefined,
              Array [
                null,
                Object {
                  "borderRadius": 5,
                  "height": 43,
                  "marginTop": 10,
                  "width": "100%",
                },
                Object {
                  "elevation": 4,
                  "shadowColor": "#777777",
                  "shadowOffset": Object {
                    "height": 1,
                    "width": 1,
                  },
                  "shadowOpacity": 0.3,
                  "shadowRadius": 5,
                },
              ],
              undefined,
              undefined,
            ]
          }
        >
          <Text
            accessible={true}
            allowFontScaling={true}
            ellipsizeMode="tail"
            style={
              Array [
                Object {},
                undefined,
                undefined,
                undefined,
                undefined,
                undefined,
                undefined,
                undefined,
                undefined,
                undefined,
                Array [
                  Object {
                    "color": "white",
                    "fontSize": 16,
                  },
                  Object {
                    "color": "#4A8FE3",
                  },
                  Object {
                    "fontSize": 14,
                  },
                  undefined,
                  undefined,
                  undefined,
                  undefined,
                  undefined,
                ],
              ]
            }
          >
            Start Fresh
          </Text>
        </View>
      </View>
    </View>
  </View>
</RCTSafeAreaView>
`;
